Generate -1 Nodes with 0 initial peers
Generating Key for Dummy (true) 172.77.5.10
Address: 0x38772d4D5865D31dF131cEcc87f009b7043b1796
Building network dummyfail
Network Name  dummyfail
dumpPeersJSON
buildGenesisJSON
Source Loaded
Path         :  /snap/bin/solc
Full Version : 
 solc, the solidity compiler commandline interface
Version: 0.5.10+commit.5a6ea5b1.Linux.g++

Processing Contract:  <stdin>:POA_Genesis
Written toml file:  /home/jon/.giverny/networks/dummyfail/compile.toml
Characters written  20061
POA Section Build
Alloc Built
Write Genesis.json
Configuring Network  dummyfail
Connecting to Docker Client
Creating options
Creating network
ID: 60b232b56f7b6a0dcd34293bdb795e3f8ecf65a0d0ae5b9b09dfe0ebdd3e7854
Created Network 60b232b56f7b6a0dcd34293bdb795e3f8ecf65a0d0ae5b9b09dfe0ebdd3e7854
Created Directory:  /home/jon/.giverny/networks/dummyfail/docker
Creating config in /home/jon/.giverny/networks/dummyfail/docker/Dummy
Created Directory:  /home/jon/.giverny/networks/dummyfail/docker/Dummy
Created Directory:  /home/jon/.giverny/networks/dummyfail/docker/Dummy/.monet
Created Directory:  /home/jon/.giverny/networks/dummyfail/docker/Dummy/.monet/babble
Created Directory:  /home/jon/.giverny/networks/dummyfail/docker/Dummy/.monet/eth
Created Directory:  /home/jon/.giverny/networks/dummyfail/docker/Dummy/.monet/keystore
Copying from /home/jon/.giverny/networks/dummyfail/genesis.json to /home/jon/.giverny/networks/dummyfail/docker/Dummy/.monet/eth/genesis.json
Copying from /home/jon/.giverny/networks/dummyfail/peers.json to /home/jon/.giverny/networks/dummyfail/docker/Dummy/.monet/babble/peers.json
Copying from /home/jon/.giverny/networks/dummyfail/peers.genesis.json to /home/jon/.giverny/networks/dummyfail/docker/Dummy/.monet/babble/peers.genesis.json
Copying from /home/jon/.giverny/networks/dummyfail/monetd.toml to /home/jon/.giverny/networks/dummyfail/docker/Dummy/.monet/monetd.toml
Copying from /home/jon/.giverny/networks/dummyfail/keystore/Dummy.json to /home/jon/.giverny/networks/dummyfail/docker/Dummy/.monet/keystore/Dummy.json
Copying from /home/jon/.giverny/networks/dummyfail/keystore/Dummy.txt to /home/jon/.giverny/networks/dummyfail/docker/Dummy/.monet/keystore/Dummy.txt
Written toml file:  /home/jon/.giverny/networks/dummyfail/docker/Dummy/.monet/monetd.toml
Characters written  231
Written Private Key for 0x38772d4D5865D31dF131cEcc87f009b7043b1796
