Generate -1 Nodes with 0 initial peers
Generating Key for node0 (true) 172.77.5.10
Address: 0xd6E420bD2c30a5C3D1920F9547685dA029D1a046
Generating Key for node1 (true) 172.77.5.11
Address: 0x766A7dddc4Aa81993F416DbbC4A1C2035C5012C1
Generating Key for node2 (true) 172.77.5.12
Address: 0xf60d1E7203B91f84206cdA50b177bf47cC15Da62
Generating Key for node3 (false) 172.77.5.13
Address: 0x673F26A396Cf0A27db2a138732D050125dfbA47F
Building network jointest
Network Name  jointest
dumpPeersJSON
buildGenesisJSON
Source Loaded
Path         :  /snap/bin/solc
Full Version : 
 solc, the solidity compiler commandline interface
Version: 0.5.10+commit.5a6ea5b1.Linux.g++

Processing Contract:  <stdin>:POA_Genesis
Written toml file:  /home/jon/.giverny/networks/jointest/compile.toml
Characters written  20373
POA Section Build
Alloc Built
Write Genesis.json
Configuring Network  jointest
Connecting to Docker Client
Creating options
Creating network
ID: 6736e4bd2ab5d920d4650dc2305d59ae1a4be1abdef4668136d3f73dd5c5c12c
Created Network 6736e4bd2ab5d920d4650dc2305d59ae1a4be1abdef4668136d3f73dd5c5c12c
Created Directory:  /home/jon/.giverny/networks/jointest/docker
Creating config in /home/jon/.giverny/networks/jointest/docker/node0
Created Directory:  /home/jon/.giverny/networks/jointest/docker/node0
Created Directory:  /home/jon/.giverny/networks/jointest/docker/node0/.monet
Created Directory:  /home/jon/.giverny/networks/jointest/docker/node0/.monet/babble
Created Directory:  /home/jon/.giverny/networks/jointest/docker/node0/.monet/eth
Created Directory:  /home/jon/.giverny/networks/jointest/docker/node0/.monet/keystore
Copying from /home/jon/.giverny/networks/jointest/genesis.json to /home/jon/.giverny/networks/jointest/docker/node0/.monet/eth/genesis.json
Copying from /home/jon/.giverny/networks/jointest/peers.json to /home/jon/.giverny/networks/jointest/docker/node0/.monet/babble/peers.json
Copying from /home/jon/.giverny/networks/jointest/peers.genesis.json to /home/jon/.giverny/networks/jointest/docker/node0/.monet/babble/peers.genesis.json
Copying from /home/jon/.giverny/networks/jointest/monetd.toml to /home/jon/.giverny/networks/jointest/docker/node0/.monet/monetd.toml
Copying from /home/jon/.giverny/networks/jointest/keystore/node0.json to /home/jon/.giverny/networks/jointest/docker/node0/.monet/keystore/node0.json
Copying from /home/jon/.giverny/networks/jointest/keystore/node0.txt to /home/jon/.giverny/networks/jointest/docker/node0/.monet/keystore/node0.txt
Written toml file:  /home/jon/.giverny/networks/jointest/docker/node0/.monet/monetd.toml
Characters written  231
Written Private Key for 0xd6E420bD2c30a5C3D1920F9547685dA029D1a046
Creating config in /home/jon/.giverny/networks/jointest/docker/node1
Created Directory:  /home/jon/.giverny/networks/jointest/docker/node1
Created Directory:  /home/jon/.giverny/networks/jointest/docker/node1/.monet
Created Directory:  /home/jon/.giverny/networks/jointest/docker/node1/.monet/babble
Created Directory:  /home/jon/.giverny/networks/jointest/docker/node1/.monet/eth
Created Directory:  /home/jon/.giverny/networks/jointest/docker/node1/.monet/keystore
Copying from /home/jon/.giverny/networks/jointest/genesis.json to /home/jon/.giverny/networks/jointest/docker/node1/.monet/eth/genesis.json
Copying from /home/jon/.giverny/networks/jointest/peers.json to /home/jon/.giverny/networks/jointest/docker/node1/.monet/babble/peers.json
Copying from /home/jon/.giverny/networks/jointest/peers.genesis.json to /home/jon/.giverny/networks/jointest/docker/node1/.monet/babble/peers.genesis.json
Copying from /home/jon/.giverny/networks/jointest/monetd.toml to /home/jon/.giverny/networks/jointest/docker/node1/.monet/monetd.toml
Copying from /home/jon/.giverny/networks/jointest/keystore/node1.json to /home/jon/.giverny/networks/jointest/docker/node1/.monet/keystore/node1.json
Copying from /home/jon/.giverny/networks/jointest/keystore/node1.txt to /home/jon/.giverny/networks/jointest/docker/node1/.monet/keystore/node1.txt
Written toml file:  /home/jon/.giverny/networks/jointest/docker/node1/.monet/monetd.toml
Characters written  231
Written Private Key for 0x766A7dddc4Aa81993F416DbbC4A1C2035C5012C1
Creating config in /home/jon/.giverny/networks/jointest/docker/node2
Created Directory:  /home/jon/.giverny/networks/jointest/docker/node2
Created Directory:  /home/jon/.giverny/networks/jointest/docker/node2/.monet
Created Directory:  /home/jon/.giverny/networks/jointest/docker/node2/.monet/babble
Created Directory:  /home/jon/.giverny/networks/jointest/docker/node2/.monet/eth
Created Directory:  /home/jon/.giverny/networks/jointest/docker/node2/.monet/keystore
Copying from /home/jon/.giverny/networks/jointest/genesis.json to /home/jon/.giverny/networks/jointest/docker/node2/.monet/eth/genesis.json
Copying from /home/jon/.giverny/networks/jointest/peers.json to /home/jon/.giverny/networks/jointest/docker/node2/.monet/babble/peers.json
Copying from /home/jon/.giverny/networks/jointest/peers.genesis.json to /home/jon/.giverny/networks/jointest/docker/node2/.monet/babble/peers.genesis.json
Copying from /home/jon/.giverny/networks/jointest/monetd.toml to /home/jon/.giverny/networks/jointest/docker/node2/.monet/monetd.toml
Copying from /home/jon/.giverny/networks/jointest/keystore/node2.json to /home/jon/.giverny/networks/jointest/docker/node2/.monet/keystore/node2.json
Copying from /home/jon/.giverny/networks/jointest/keystore/node2.txt to /home/jon/.giverny/networks/jointest/docker/node2/.monet/keystore/node2.txt
Written toml file:  /home/jon/.giverny/networks/jointest/docker/node2/.monet/monetd.toml
Characters written  231
Written Private Key for 0xf60d1E7203B91f84206cdA50b177bf47cC15Da62
Creating config in /home/jon/.giverny/networks/jointest/docker/node3
Created Directory:  /home/jon/.giverny/networks/jointest/docker/node3
Created Directory:  /home/jon/.giverny/networks/jointest/docker/node3/.monet
Created Directory:  /home/jon/.giverny/networks/jointest/docker/node3/.monet/babble
Created Directory:  /home/jon/.giverny/networks/jointest/docker/node3/.monet/eth
Created Directory:  /home/jon/.giverny/networks/jointest/docker/node3/.monet/keystore
Copying from /home/jon/.giverny/networks/jointest/genesis.json to /home/jon/.giverny/networks/jointest/docker/node3/.monet/eth/genesis.json
Copying from /home/jon/.giverny/networks/jointest/peers.json to /home/jon/.giverny/networks/jointest/docker/node3/.monet/babble/peers.json
Copying from /home/jon/.giverny/networks/jointest/peers.genesis.json to /home/jon/.giverny/networks/jointest/docker/node3/.monet/babble/peers.genesis.json
Copying from /home/jon/.giverny/networks/jointest/monetd.toml to /home/jon/.giverny/networks/jointest/docker/node3/.monet/monetd.toml
Copying from /home/jon/.giverny/networks/jointest/keystore/node3.json to /home/jon/.giverny/networks/jointest/docker/node3/.monet/keystore/node3.json
Copying from /home/jon/.giverny/networks/jointest/keystore/node3.txt to /home/jon/.giverny/networks/jointest/docker/node3/.monet/keystore/node3.txt
Written toml file:  /home/jon/.giverny/networks/jointest/docker/node3/.monet/monetd.toml
Characters written  231
Written Private Key for 0x673F26A396Cf0A27db2a138732D050125dfbA47F
